[0.032s] Invoking command in '/home/pi/ros2_ws/build/my_robot_hardware': CMAKE_PREFIX_PATH=${CMAKE_PREFIX_PATH}:/opt/ros/jazzy DEBUGINFOD_URLS=https://debuginfod.ubuntu.com /usr/bin/cmake /home/pi/ros2_ws/src/my_robot_hardware -DCMAKE_INSTALL_PREFIX=/home/pi/ros2_ws/install/my_robot_hardware
[0.190s] -- Found ament_cmake: 2.5.4 (/opt/ros/jazzy/share/ament_cmake/cmake)
[0.628s] -- Override CMake install command with custom implementation using symlinks instead of copying resources
[0.667s] -- Found rclcpp: 28.1.12 (/opt/ros/jazzy/share/rclcpp/cmake)
[0.740s] -- Found rosidl_generator_c: 4.6.6 (/opt/ros/jazzy/share/rosidl_generator_c/cmake)
[0.760s] -- Found rosidl_generator_cpp: 4.6.6 (/opt/ros/jazzy/share/rosidl_generator_cpp/cmake)
[0.792s] -- Using all available rosidl_typesupport_c: rosidl_typesupport_fastrtps_c;rosidl_typesupport_introspection_c
[0.827s] -- Using all available rosidl_typesupport_cpp: rosidl_typesupport_fastrtps_cpp;rosidl_typesupport_introspection_cpp
[0.978s] -- Found rmw_implementation_cmake: 7.3.2 (/opt/ros/jazzy/share/rmw_implementation_cmake/cmake)
[0.983s] -- Found rmw_fastrtps_cpp: 8.4.3 (/opt/ros/jazzy/share/rmw_fastrtps_cpp/cmake)
[1.121s] -- Using RMW implementation 'rmw_fastrtps_cpp' as default
[1.255s] -- Found rclcpp_lifecycle: 28.1.12 (/opt/ros/jazzy/share/rclcpp_lifecycle/cmake)
[1.315s] -- Found hardware_interface: 4.38.0 (/opt/ros/jazzy/share/hardware_interface/cmake)
[1.943s] -- Configuring done (1.8s)
[2.023s] -- Generating done (0.1s)
[2.043s] -- Build files have been written to: /home/pi/ros2_ws/build/my_robot_hardware
[2.063s] Invoked command in '/home/pi/ros2_ws/build/my_robot_hardware' returned '0': CMAKE_PREFIX_PATH=${CMAKE_PREFIX_PATH}:/opt/ros/jazzy DEBUGINFOD_URLS=https://debuginfod.ubuntu.com /usr/bin/cmake /home/pi/ros2_ws/src/my_robot_hardware -DCMAKE_INSTALL_PREFIX=/home/pi/ros2_ws/install/my_robot_hardware
[2.065s] Invoking command in '/home/pi/ros2_ws/build/my_robot_hardware': CMAKE_PREFIX_PATH=${CMAKE_PREFIX_PATH}:/opt/ros/jazzy DEBUGINFOD_URLS=https://debuginfod.ubuntu.com /usr/bin/cmake --build /home/pi/ros2_ws/build/my_robot_hardware -- -j4 -l4
[2.235s] [100%] Built target pca9685_bts7960
[2.261s] Invoked command in '/home/pi/ros2_ws/build/my_robot_hardware' returned '0': CMAKE_PREFIX_PATH=${CMAKE_PREFIX_PATH}:/opt/ros/jazzy DEBUGINFOD_URLS=https://debuginfod.ubuntu.com /usr/bin/cmake --build /home/pi/ros2_ws/build/my_robot_hardware -- -j4 -l4
[2.263s] Invoking command in '/home/pi/ros2_ws/build/my_robot_hardware': CMAKE_PREFIX_PATH=${CMAKE_PREFIX_PATH}:/opt/ros/jazzy DEBUGINFOD_URLS=https://debuginfod.ubuntu.com /usr/bin/cmake --install /home/pi/ros2_ws/build/my_robot_hardware
[2.278s] -- Install configuration: ""
[2.278s] -- Execute custom install script
[2.279s] -- Up-to-date symlink: /home/pi/ros2_ws/install/my_robot_hardware/share/my_robot_hardware//pca9685_bts7960.plugin.xml
[2.280s] -- Up-to-date symlink: /home/pi/ros2_ws/install/my_robot_hardware/include/my_robot_hardware/pca9685_bts7960.hpp
[2.280s] -- Up-to-date symlink: /home/pi/ros2_ws/install/my_robot_hardware/share/my_robot_hardware/pca9685_bts7960.plugin.xml
[2.281s] -- Up-to-date symlink: /home/pi/ros2_ws/install/my_robot_hardware/share/my_robot_hardware/environment/library_path.sh
[2.281s] -- Up-to-date symlink: /home/pi/ros2_ws/install/my_robot_hardware/share/my_robot_hardware/environment/library_path.dsv
[2.281s] -- Up-to-date symlink: /home/pi/ros2_ws/install/my_robot_hardware/share/ament_index/resource_index/package_run_dependencies/my_robot_hardware
[2.282s] -- Up-to-date symlink: /home/pi/ros2_ws/install/my_robot_hardware/share/ament_index/resource_index/parent_prefix_path/my_robot_hardware
[2.283s] -- Up-to-date symlink: /home/pi/ros2_ws/install/my_robot_hardware/share/my_robot_hardware/environment/ament_prefix_path.sh
[2.283s] -- Up-to-date symlink: /home/pi/ros2_ws/install/my_robot_hardware/share/my_robot_hardware/environment/ament_prefix_path.dsv
[2.283s] -- Up-to-date symlink: /home/pi/ros2_ws/install/my_robot_hardware/share/my_robot_hardware/environment/path.sh
[2.284s] -- Up-to-date symlink: /home/pi/ros2_ws/install/my_robot_hardware/share/my_robot_hardware/environment/path.dsv
[2.284s] -- Up-to-date symlink: /home/pi/ros2_ws/install/my_robot_hardware/share/my_robot_hardware/local_setup.bash
[2.284s] -- Up-to-date symlink: /home/pi/ros2_ws/install/my_robot_hardware/share/my_robot_hardware/local_setup.sh
[2.285s] -- Up-to-date symlink: /home/pi/ros2_ws/install/my_robot_hardware/share/my_robot_hardware/local_setup.zsh
[2.285s] -- Up-to-date symlink: /home/pi/ros2_ws/install/my_robot_hardware/share/my_robot_hardware/local_setup.dsv
[2.285s] -- Symlinking: /home/pi/ros2_ws/install/my_robot_hardware/share/my_robot_hardware/package.dsv
[2.303s] -- Up-to-date symlink: /home/pi/ros2_ws/install/my_robot_hardware/share/ament_index/resource_index/packages/my_robot_hardware
[2.303s] -- Up-to-date symlink: /home/pi/ros2_ws/install/my_robot_hardware/share/ament_index/resource_index/hardware_interface__pluginlib__plugin/my_robot_hardware
[2.304s] -- Up-to-date symlink: /home/pi/ros2_ws/install/my_robot_hardware/share/my_robot_hardware/cmake/ament_cmake_export_targets-extras.cmake
[2.304s] -- Up-to-date symlink: /home/pi/ros2_ws/install/my_robot_hardware/share/my_robot_hardware/cmake/ament_cmake_export_dependencies-extras.cmake
[2.304s] -- Up-to-date symlink: /home/pi/ros2_ws/install/my_robot_hardware/share/my_robot_hardware/cmake/my_robot_hardwareConfig.cmake
[2.305s] -- Up-to-date symlink: /home/pi/ros2_ws/install/my_robot_hardware/share/my_robot_hardware/cmake/my_robot_hardwareConfig-version.cmake
[2.305s] -- Up-to-date symlink: /home/pi/ros2_ws/install/my_robot_hardware/share/my_robot_hardware/package.xml
[2.307s] -- Up-to-date: /home/pi/ros2_ws/install/my_robot_hardware/lib/libpca9685_bts7960.so
[2.307s] -- Up-to-date: /home/pi/ros2_ws/install/my_robot_hardware/share/my_robot_hardware/cmake/export_my_robot_hardwareExport.cmake
[2.308s] -- Up-to-date: /home/pi/ros2_ws/install/my_robot_hardware/share/my_robot_hardware/cmake/export_my_robot_hardwareExport-noconfig.cmake
[2.311s] Invoked command in '/home/pi/ros2_ws/build/my_robot_hardware' returned '0': CMAKE_PREFIX_PATH=${CMAKE_PREFIX_PATH}:/opt/ros/jazzy DEBUGINFOD_URLS=https://debuginfod.ubuntu.com /usr/bin/cmake --install /home/pi/ros2_ws/build/my_robot_hardware
