[0.026s] Invoking command in '/home/pi/ros2_ws/build/my_robot_hardware': CMAKE_PREFIX_PATH=${CMAKE_PREFIX_PATH}:/opt/ros/jazzy DEBUGINFOD_URLS=https://debuginfod.ubuntu.com /usr/bin/cmake --build /home/pi/ros2_ws/build/my_robot_hardware -- -j4 -l4
[0.445s] [100%] Built target pca9685_bts7960
[0.462s] Invoked command in '/home/pi/ros2_ws/build/my_robot_hardware' returned '0': CMAKE_PREFIX_PATH=${CMAKE_PREFIX_PATH}:/opt/ros/jazzy DEBUGINFOD_URLS=https://debuginfod.ubuntu.com /usr/bin/cmake --build /home/pi/ros2_ws/build/my_robot_hardware -- -j4 -l4
[0.468s] Invoking command in '/home/pi/ros2_ws/build/my_robot_hardware': CMAKE_PREFIX_PATH=${CMAKE_PREFIX_PATH}:/opt/ros/jazzy DEBUGINFOD_URLS=https://debuginfod.ubuntu.com /usr/bin/cmake --install /home/pi/ros2_ws/build/my_robot_hardware
[0.482s] -- Install configuration: ""
[0.485s] -- Execute custom install script
[0.485s] -- Up-to-date symlink: /home/pi/ros2_ws/install/my_robot_hardware/share/my_robot_hardware//pca9685_bts7960.plugin.xml
[0.486s] -- Up-to-date symlink: /home/pi/ros2_ws/install/my_robot_hardware/include/my_robot_hardware/pca9685_bts7960.hpp
[0.487s] -- Up-to-date symlink: /home/pi/ros2_ws/install/my_robot_hardware/share/my_robot_hardware/pca9685_bts7960.plugin.xml
[0.487s] -- Up-to-date symlink: /home/pi/ros2_ws/install/my_robot_hardware/share/my_robot_hardware/environment/library_path.sh
[0.487s] -- Up-to-date symlink: /home/pi/ros2_ws/install/my_robot_hardware/share/my_robot_hardware/environment/library_path.dsv
[0.488s] -- Up-to-date symlink: /home/pi/ros2_ws/install/my_robot_hardware/share/ament_index/resource_index/package_run_dependencies/my_robot_hardware
[0.488s] -- Up-to-date symlink: /home/pi/ros2_ws/install/my_robot_hardware/share/ament_index/resource_index/parent_prefix_path/my_robot_hardware
[0.489s] -- Up-to-date symlink: /home/pi/ros2_ws/install/my_robot_hardware/share/my_robot_hardware/environment/ament_prefix_path.sh
[0.489s] -- Up-to-date symlink: /home/pi/ros2_ws/install/my_robot_hardware/share/my_robot_hardware/environment/ament_prefix_path.dsv
[0.490s] -- Up-to-date symlink: /home/pi/ros2_ws/install/my_robot_hardware/share/my_robot_hardware/environment/path.sh
[0.490s] -- Up-to-date symlink: /home/pi/ros2_ws/install/my_robot_hardware/share/my_robot_hardware/environment/path.dsv
[0.490s] -- Up-to-date symlink: /home/pi/ros2_ws/install/my_robot_hardware/share/my_robot_hardware/local_setup.bash
[0.491s] -- Up-to-date symlink: /home/pi/ros2_ws/install/my_robot_hardware/share/my_robot_hardware/local_setup.sh
[0.491s] -- Up-to-date symlink: /home/pi/ros2_ws/install/my_robot_hardware/share/my_robot_hardware/local_setup.zsh
[0.491s] -- Up-to-date symlink: /home/pi/ros2_ws/install/my_robot_hardware/share/my_robot_hardware/local_setup.dsv
[0.491s] -- Symlinking: /home/pi/ros2_ws/install/my_robot_hardware/share/my_robot_hardware/package.dsv
[0.510s] -- Up-to-date symlink: /home/pi/ros2_ws/install/my_robot_hardware/share/ament_index/resource_index/packages/my_robot_hardware
[0.511s] -- Up-to-date symlink: /home/pi/ros2_ws/install/my_robot_hardware/share/ament_index/resource_index/hardware_interface__pluginlib__plugin/my_robot_hardware
[0.512s] -- Up-to-date symlink: /home/pi/ros2_ws/install/my_robot_hardware/share/my_robot_hardware/cmake/ament_cmake_export_targets-extras.cmake
[0.512s] -- Up-to-date symlink: /home/pi/ros2_ws/install/my_robot_hardware/share/my_robot_hardware/cmake/ament_cmake_export_dependencies-extras.cmake
[0.513s] -- Up-to-date symlink: /home/pi/ros2_ws/install/my_robot_hardware/share/my_robot_hardware/cmake/my_robot_hardwareConfig.cmake
[0.513s] -- Up-to-date symlink: /home/pi/ros2_ws/install/my_robot_hardware/share/my_robot_hardware/cmake/my_robot_hardwareConfig-version.cmake
[0.513s] -- Up-to-date symlink: /home/pi/ros2_ws/install/my_robot_hardware/share/my_robot_hardware/package.xml
[0.515s] -- Up-to-date: /home/pi/ros2_ws/install/my_robot_hardware/lib/libpca9685_bts7960.so
[0.517s] -- Up-to-date: /home/pi/ros2_ws/install/my_robot_hardware/share/my_robot_hardware/cmake/export_my_robot_hardwareExport.cmake
[0.517s] -- Up-to-date: /home/pi/ros2_ws/install/my_robot_hardware/share/my_robot_hardware/cmake/export_my_robot_hardwareExport-noconfig.cmake
[0.520s] Invoked command in '/home/pi/ros2_ws/build/my_robot_hardware' returned '0': CMAKE_PREFIX_PATH=${CMAKE_PREFIX_PATH}:/opt/ros/jazzy DEBUGINFOD_URLS=https://debuginfod.ubuntu.com /usr/bin/cmake --install /home/pi/ros2_ws/build/my_robot_hardware
